---
source: crates/tropel-report/tests/reporters.rs
expression: rendered
---
# unverified=true,dropped_iterations=2,series_dropped=0,samples_dropped=0
key,count,sum,mean,min,max,p50,p90,p95,p99
custom_counter,42,42,1.00,1,1,1,1,1,1
custom_gauge,9,45,5.00,1,9,5,9,9,9
http_req_duration{url=/api/a},600,250000,250.00,10,800,180,420,620,900
http_req_duration{url=/api/b},400,250000,250.00,10,950,180,420,620,900
